                                ;*** AILZ80ASM *** Z-80 Assembler, version 1.0.20.0, LST:Full:4
000000 8000                         ORG $8000
                                
       8000                     LB1:
000000 8000 00               4      NOP
       8001                     .TP1
000001 8001 00               4      NOP
       8002                     LB2:
000002 8002 00               4      NOP
       8003                     .TP1
000003 8003 00               4      NOP
       8004                     LB3:
000004 8004 00               4      NOP
       8005                     .TP1
000005 8005 00               4      NOP
       8006                     NLB1:
000006 8006 00               4      NOP
       8007                     .TP1
000007 8007 00               4      NOP
       8008                     NLB2:
000008 8008 00               4      NOP
       8009                     .TP1
000009 8009 00               4      NOP
00000A 800A 3E01             7      LD A, 1
00000C 800C 0601             7      LD B, 1d
00000E 800E 0E01             7      LD C, 1H
000010 8010 161D             7      LD D, 1DH
                                    ALLLD
000012 8012 3E01             7 +        ld a,1
000014 8014 0602             7 +        ld b,2
000016 8016 1604             7 +        ld d,4
000018 8018 1E05             7 +        ld e,5
00001A 801A 2606             7 +.LP     ld h,6
00001C 801C 2E07             7 +        ld l,7
00001E 801E C9              10      RET
00001F 801F CD0080          17      CALL  LB1
000022 8022 CD0200          17      CALL  LB2 - LB1
000025 8025 CD0580          17      CALL  LB3.TP1
000028 8028 212F80          10      LD    HL, NS.LB1
00002B 802B 213080          10      LD    HL, NS.LB1.TP1
00002E 802E C9              10      RET
                                
                                
                                ALLLD MACRO
                                        ld a,1
                                        ld b,2
                                        ld d,4
                                        ld e,5
                                .LP     ld h,6
                                        ld l,7
                                ENDM
                                
                                [NS]
       802F                     LB1:
00002F 802F 00               4      NOP
       8030                     .TP1
000030 8030 00               4      NOP
       8031                     NLB1:
000031 8031 00               4      NOP
       8032                     .TP1
000032 8032 00               4      NOP
000033 8033 C9              10      RET
                                
                                
                                
[EOF:Test.Z80:UTF_8]
