                                ;*** AILZ80ASM *** Z-80 Assembler, version 1.0.17.0, LST:Full:4
000000 8000                         ORG $8000
                                
       8000                     LB1:
000000 8000 3E00             7      LD A, 0
       8002                     .@@
000002 8002 3C               4      INC A
000003 8003 CA0280          10      JP Z, .@@B
000006 8006 DA1880          10      JP C, .@@F
000009 8009 210380          10      LD HL, .@@.@B + 1
00000C 800C 210380          10      LD HL, .@@B + 1
00000F 800F 111780          10      LD DE, .@@.@F - 1
000012 8012 111780          10      LD DE, .@@F - 1
000015 8015 C9              10      RET
                                
       8016                     LB2:
000016 8016 3E00             7      LD A, 0
       8018                     .@@
000018 8018 3C               4      INC A
000019 8019 10FD            13      DJNZ .@@B
                                
00001B 801B C9              10      RET
[EOF:Test.Z80:UTF_8]
