                                ;*** AILZ80ASM *** Z-80 Assembler, version 1.0.21.0, LST:Full:4
000000 8000                         ORG $8000
                                
       8000                     ABC:
000000 8000 3E00             7      LD A, 0
       8003                     .TEST3 EQU $ + 1
000002 8002 0600             7      LD B, 0
       8004                     .TEST2
000004 8004 41               4      LD B, C
                                    REPT 10
                                    LD HL, 0
                                .TEST1 EQU $ + 1
                                    LD DE, .TEST1
                                    ENDM
                               + #0001
000005 8005 210000          10 +    LD HL, 0
       8009                    +.TEST1 EQU $ + 1
000008 8008 110980          10 +    LD DE, .TEST1
                               + #0002
00000B 800B 210000          10 +    LD HL, 0
       800F                    +.TEST1 EQU $ + 1
00000E 800E 110F80          10 +    LD DE, .TEST1
                               + #0003
000011 8011 210000          10 +    LD HL, 0
       8015                    +.TEST1 EQU $ + 1
000014 8014 111580          10 +    LD DE, .TEST1
                               + #0004
000017 8017 210000          10 +    LD HL, 0
       801B                    +.TEST1 EQU $ + 1
00001A 801A 111B80          10 +    LD DE, .TEST1
                               + #0005
00001D 801D 210000          10 +    LD HL, 0
       8021                    +.TEST1 EQU $ + 1
000020 8020 112180          10 +    LD DE, .TEST1
                               + #0006
000023 8023 210000          10 +    LD HL, 0
       8027                    +.TEST1 EQU $ + 1
000026 8026 112780          10 +    LD DE, .TEST1
                               + #0007
000029 8029 210000          10 +    LD HL, 0
       802D                    +.TEST1 EQU $ + 1
00002C 802C 112D80          10 +    LD DE, .TEST1
                               + #0008
00002F 802F 210000          10 +    LD HL, 0
       8033                    +.TEST1 EQU $ + 1
000032 8032 113380          10 +    LD DE, .TEST1
                               + #0009
000035 8035 210000          10 +    LD HL, 0
       8039                    +.TEST1 EQU $ + 1
000038 8038 113980          10 +    LD DE, .TEST1
                               + #0010
00003B 803B 210000          10 +    LD HL, 0
       803F                    +.TEST1 EQU $ + 1
00003E 803E 113F80          10 +    LD DE, .TEST1
000041 8041 220480          16      LD (.TEST2), hl
                                    ;LD (.TEST1), hl // ここは参照できない
                                    END
[EOF:Test.Z80:UTF_8]
