                              *** AILZ80ASM *** Z-80 Assembler, version 0.9.4.0
                              INCLUDE ".\Test\TestPP_RepeatModern\Test.INC"
                              
                              SCREEN:
       0003                   .WIDTH      equ 3           ; 横のサイズ
       0002                   .HEIGHT     equ 2           ; 縦のサイズ
[EOF:Test.INC:UTF_8]
                              
                              LB: 
000000 0000 AF             4          xor     a
000001 0001 AF             4          xor     a
000002 0002 AF             4          xor     a
                              
000003 0003 77             7          ld      (hl), a
000004 0004 CBEC           8          set     5, h
000006 0006 77             7          ld      (hl), a
000007 0007 19            13          add     hl, de
000008 0008 77             7          ld      (hl), a
000009 0009 CBEC           8          set     5, h
00000B 000B 77             7          ld      (hl), a
00000C 000C 19            13          add     hl, de
00000D 000D 77             7          ld      (hl), a
00000E 000E CBEC           8          set     5, h
000010 0010 77             7          ld      (hl), a
000011 0011 19            13          add     hl, de
000012 0012 77             7          ld      (hl), a
000013 0013 CBEC           8          set     5, h
000015 0015 77             7          ld      (hl), a
000016 0016 19            13          add     hl, de
000017 0017 77             7          ld      (hl), a
000018 0018 CBEC           8          set     5, h
00001A 001A 77             7          ld      (hl), a
00001B 001B 19            13          add     hl, de
00001C 001C 77             7          ld      (hl), a
00001D 001D CBEC           8          set     5, h
00001F 001F 77             7          ld      (hl), a
000020 0020 19            13          add     hl, de
000021 0021 77             7          ld      (hl), a
000022 0022 CBEC           8          set     5, h
000024 0024 77             7          ld      (hl), a
000025 0025 19            13          add     hl, de
000026 0026 77             7          ld      (hl), a
000027 0027 CBEC           8          set     5, h
000029 0029 77             7          ld      (hl), a
                              
00002A 002A AF             4          xor     a
                              
00002B 002B 3E00           7          LD      a, 0
00002D 002D 3E00           7          LD      a, 0
00002F 002F 3E00           7          LD      a, 0
                              
000031 0031 AF             4          xor     a
                              
000032 0032 3E00           7          LD      a, 0
000034 0034 3E00           7          LD      a, 0
000036 0036 3E00           7          LD      a, 0
                              
                              
000038 0038 17             4          RLA
000039 0039 17             4          RLA
00003A 003A 17             4          RLA
                              
00003B 003B C30000        10      JP LB
[EOF:Test.Z80:UTF_8]
