                                ;*** AILZ80ASM *** Z-80 Assembler, version 1.0.3.0, LST:Full:4
                                
000000 0100                         org 0x100
                                
                                 #if (L017F)>=($+2-128) && (L017F)<($+2+128)
000000 0100 187F            12          jr  L017F
                                 #else
                                        jp  L017F
                                 #endif
                                 
000002 0102                         ds  127
                                
       0181                     L017F:
000081 0181 AF               4      xor a
                                
000100 0200                         org 0x200
                                
                                 #if (L017F)>=($+2-128) && (L017F)<($+2+128)
                                        jr  L0283
                                 #else
000100 0200 C38302          10          jp  L0283
                                 #endif
                                
000103 0203                         ds  128
                                
       0283                     L0283:
000183 0283 AF               4      xor a
[EOF:Test.Z80:UTF_8]
