                                ;*** AILZ80ASM *** Z-80 Assembler, version 1.0.23.0, LST:Full:4
000000 8000                             ORG $8000
                                
                                        include "Test1.EQU"
                                
                                [VRAM]
                                
       0000                     ADRS    equ 0000
       0080                     WIDTH   equ 128
       00D4                     HEIGHT  equ 212
       6A00                     SIZE    equ 27136
[EOF:Test1.EQU:UTF_8]
                                        include "Test2.EQU"
                                
                                [VRAM]
                                
       0000                     ADRS    equ 0000            ; グラフィックアドレス
       0080                     WIDTH   equ 128             ; 幅
       00D4                     HEIGHT  equ 212             ; 高さ
       6A00                     SIZE    equ WIDTH * HEIGHT  ; サイズ
[EOF:Test2.EQU:UTF_8]
                                
000000 8000 210000          10          LD  HL, VRAM.ADRS
000003 8003 01006A          10          LD  BC, VRAM.SIZE
[EOF:Test.Z80:UTF_8]
