                                ;*** AILZ80ASM *** Z-80 Assembler, version 1.0.0.0, LST:Full:4
000000 9000                         ORG $9000
                                
       9000                     ADDR:
                                    REGTEST HL
                               +; target = HL
                               +#IF target.@Text != "HL"
                               +    ld hl, target
                               +#ELSE
000000 9000 00               4 +    NOP
                               +#ENDIF
                                    REGTEST ADDR
                               +; target = 0x9000:36864
                               +#IF target.@Text != "HL"
000001 9001 210090          10 +    ld hl, target
                               +#ELSE
                               +    NOP
                               +#ENDIF
                                    ABC(DEF)
000004 9004 AF               4 +    XOR A
                                    TEST_MACRO
                               +
                               +    ; 実行アドレスを整える
                               +    REPT    11
                               +    nop
                               +    ld a, 0
                               +    nop
                               +    ENDM
                               + #0001
000005 9005 00               4 +    nop
000006 9006 3E00             7 +    ld a, 0
000008 9008 00               4 +    nop
                               + #0002
000009 9009 00               4 +    nop
00000A 900A 3E00             7 +    ld a, 0
00000C 900C 00               4 +    nop
                               + #0003
00000D 900D 00               4 +    nop
00000E 900E 3E00             7 +    ld a, 0
000010 9010 00               4 +    nop
                               + #0004
000011 9011 00               4 +    nop
000012 9012 3E00             7 +    ld a, 0
000014 9014 00               4 +    nop
                               + #0005
000015 9015 00               4 +    nop
000016 9016 3E00             7 +    ld a, 0
000018 9018 00               4 +    nop
                               + #0006
000019 9019 00               4 +    nop
00001A 901A 3E00             7 +    ld a, 0
00001C 901C 00               4 +    nop
                               + #0007
00001D 901D 00               4 +    nop
00001E 901E 3E00             7 +    ld a, 0
000020 9020 00               4 +    nop
                               + #0008
000021 9021 00               4 +    nop
000022 9022 3E00             7 +    ld a, 0
000024 9024 00               4 +    nop
                               + #0009
000025 9025 00               4 +    nop
000026 9026 3E00             7 +    ld a, 0
000028 9028 00               4 +    nop
                               + #0010
000029 9029 00               4 +    nop
00002A 902A 3E00             7 +    ld a, 0
00002C 902C 00               4 +    nop
                               + #0011
00002D 902D 00               4 +    nop
00002E 902E 3E00             7 +    ld a, 0
000030 9030 00               4 +    nop
                               +
                                
                                ; レジスター指定テスト
                                REGTEST MACRO target
                                #IF target.@Text != "HL"
                                    ld hl, target
                                #ELSE
                                    NOP
                                #ENDIF
                                ENDM
                                
                                ; カッコつきマクロテスト
                                ABC(DEF) MACRO
                                    XOR A
                                ENDM
                                
                                ; マクロ内リピート
                                TEST_MACRO MACRO
                                
                                    ; 実行アドレスを整える
                                    REPT    11
                                    nop
                                    ld a, 0
                                    nop
                                    ENDM
                                
                                ENDM
[EOF:Test.Z80:UTF_8]
