                                ;*** AILZ80ASM *** Z-80 Assembler, version 1.0.2.0, LST:Full:4
                                        include "Success.INC"
                                    ;Include Test
       0014                     CHAR01  EQU     20
       0028                     CHAR02  EQU     40
       003C                     CHAR03  EQU     60
[EOF:Success.INC:UTF_8]
                                
000000 1234                             ORG $1234
                                [GB1]
       0001                     ABC     equ 1
       0002                     .DEF    equ 2
000000 1234 3E00             7          ld a, 0
       1236                     GHI:
000002 1236 3E01             7          ld a, 1
       1238                     .JKL
000004 1238 3E02             7          ld a, 2
       0003                     .MNO    equ 3
                                
                                        REPT 5
                                        NOP
                                        ENDM
                               + #0001
000006 123A 00               4 +        NOP
                               + #0002
000007 123B 00               4 +        NOP
                               + #0003
000008 123C 00               4 +        NOP
                               + #0004
000009 123D 00               4 +        NOP
                               + #0005
00000A 123E 00               4 +        NOP
                                
                                [GB2]
       0001                     ABC     equ 1
       0002                     .DEF    equ 2
00000B 123F 3E00             7          ld a, 0
       1241                     GHI:
00000D 1241 3E01             7          ld a, 1
       1243                     .JKL
00000F 1243 3E02             7          ld a, 2
                                        MACROTEST
000011 1245 3E00             7 +        LD A,0
000013 1247 0600             7 +        LD B,0
                                
       0003                     .MNO    equ 3
                                
                                MACROTEST   MACRO
                                        LD A,0
                                        LD B,0
                                        ENDM
                                
000015 1249 C9              10          RET
000016 124A 00010203..LEN:32    include "Include.bin", B
[EOF:Success.Z80:UTF_8]
