                         ;*** AILZ80ASM *** Z-80 Assembler, version 0.9.9.23, LST:Middle:4
                                 include "Success.INC"
                             ;Include Test
0014                     CHAR01  EQU     20
0028                     CHAR02  EQU     40
003C                     CHAR03  EQU     60
[EOF:Success.INC:UTF_8]
                         
                         [GB1]
0001                     ABC     equ 1
0002                     .DEF    equ 2
0000 3E00             7          ld a, 0
0002                     GHI:
0002 3E01             7          ld a, 1
0004                     .JKL
0004 3E02             7          ld a, 2
0003                     .MNO    equ 3
                         
                                 REPT 5
                                 NOP
                                 ENDM
                        + #0001
0006 00               4 +        NOP
                        + #0002
0007 00               4 +        NOP
                        + #0003
0008 00               4 +        NOP
                        + #0004
0009 00               4 +        NOP
                        + #0005
000A 00               4 +        NOP
                         
                         [GB2]
0001                     ABC     equ 1
0002                     .DEF    equ 2
000B 3E00             7          ld a, 0
000D                     GHI:
000D 3E01             7          ld a, 1
000F                     .JKL
000F 3E02             7          ld a, 2
                                 MACROTEST
0011 3E00             7 +        LD A,0
0013 0600             7 +        LD B,0
                         
0003                     .MNO    equ 3
                         
                         MACROTEST   MACRO
                                 LD A,0
                                 LD B,0
                                 ENDM
                         
0015 C9              10          RET
                         include "Include.bin", B
0016 0001020304050607    
     08090A0B0C0D0E0F    
     FFFEFDFCFBFAF9F8    
     F7F6F5F4F3F2F1F0    
[EOF:Include.bin:32]
[EOF:Success.Z80:UTF_8]
